<?xml version="1.0" encoding="UTF-8"?>
<testsuites name="Claude-Flow" tests="3" errors="3" failures="3" time="2.877">
    <testsuite name="unit" tests="1" errors="1" failures="1" time="1.387">
      <testcase name="unit-tests" classname="Claude-Flow.unit" time="1.387">
        <failure message="Test suite failed" type="TestFailure">Test suite execution failed</failure>
      </testcase>
    </testsuite>
    <testsuite name="integration" tests="1" errors="1" failures="1" time="0.9">
      <testcase name="integration-tests" classname="Claude-Flow.integration" time="0.9">
        <failure message="Test suite failed" type="TestFailure">Test suite execution failed</failure>
      </testcase>
    </testsuite>
    <testsuite name="e2e" tests="1" errors="1" failures="1" time="0.59">
      <testcase name="e2e-tests" classname="Claude-Flow.e2e" time="0.59">
        <failure message="Test suite failed" type="TestFailure">Test suite execution failed</failure>
      </testcase>
    </testsuite>
</testsuites>